---
- name: basic_usage
  dependencies:
    - :output: [1]
      :from: :foo
      :to: :bar

- name: internal_calls
  dependencies:
    - :output: [1]
      :from: :foo
      :to: :bar
    - :output: [1]
      :from: :foo
      :to: :baz